contig	length	gc_percent
contig_1	75699396	35.3983
contig_2	2602818	36.4688
contig_3	6450101	48.4379
